[coinpool.sacredthemes.net/cp-gold.html]
[coinpool.sacredthemes.net/images/bookmark.png]
[coinpool.sacredthemes.net/images/favicon.ico]
[backblue.gif]
[fade.gif]
[index.html]
[coinpool.sacredthemes.net/images/logo.png]
[coinpool.sacredthemes.net/images/dark-logo.png]
[coinpool.sacredthemes.net/images/banner.jpg]
[coinpool.sacredthemes.net/images/about-img.png]
[coinpool.sacredthemes.net/images/icon-1.png]
[coinpool.sacredthemes.net/images/icon-2.png]
[coinpool.sacredthemes.net/images/icon-3.png]
[coinpool.sacredthemes.net/images/icon-4.png]
[coinpool.sacredthemes.net/images/icon-5.png]
[coinpool.sacredthemes.net/images/icon-6.png]
[coinpool.sacredthemes.net/images/accept-icon.png]
[coinpool.sacredthemes.net/images/team-9.jpg]
[coinpool.sacredthemes.net/images/team-10.jpg]
[coinpool.sacredthemes.net/images/team-11.jpg]
[coinpool.sacredthemes.net/cp-gold-single-post-with-right-sidebar.html]
[coinpool.sacredthemes.net/images/blog-img1.jpg]
[coinpool.sacredthemes.net/cp-gold-single-post-with-no-sidebar.html]
[coinpool.sacredthemes.net/images/blog-img2.jpg]
[coinpool.sacredthemes.net/images/blog-img3.jpg]
[coinpool.sacredthemes.net/cp-gold-single-post-with-left-sidebar.html]
[coinpool.sacredthemes.net/images/brand-logo1.png]
[coinpool.sacredthemes.net/images/brand-logo2.png]
[coinpool.sacredthemes.net/images/brand-logo5.png]
[coinpool.sacredthemes.net/images/brand-logo4.png]
[coinpool.sacredthemes.net/images/brand-logo3.png]
[coinpool.sacredthemes.net/js/jquery.min.js]
[coinpool.sacredthemes.net/js/bootstrap.min.js]
[coinpool.sacredthemes.net/js/onpagescroll.js]
[coinpool.sacredthemes.net/js/wow.min.js]
[coinpool.sacredthemes.net/js/jquery.countdown.js]
[coinpool.sacredthemes.net/js/owl.carousel.js]
[coinpool.sacredthemes.net/js/Chart.js]
[coinpool.sacredthemes.net/js/chart-function.js]
[coinpool.sacredthemes.net/js/script.js]
[coinpool.sacredthemes.net/js/particles.js]
[coinpool.sacredthemes.net/js/gold-app.js]
[coinpool.sacredthemes.net/cp-gold.html]
[fonts.googleapis.com/csscd33.css]
[fonts.googleapis.com/css6618.css]
[fonts.googleapis.com/css9425.css]
[coinpool.sacredthemes.net/cp-gold-single-post-with-right-sidebar.html]
[coinpool.sacredthemes.net/cp-gold-single-post-with-no-sidebar.html]
[coinpool.sacredthemes.net/cp-gold-single-post-with-left-sidebar.html]
[coinpool.sacredthemes.net/images/our-mission.jpg]
[coinpool.sacredthemes.net/fonts/fa-brands-400.eot]
[coinpool.sacredthemes.net/fonts/fa-brands-400d41d.eot]
[coinpool.sacredthemes.net/fonts/fa-brands-400.woff2]
[coinpool.sacredthemes.net/fonts/fa-brands-400.woff]
[coinpool.sacredthemes.net/fonts/fa-brands-400.ttf]
[coinpool.sacredthemes.net/fonts/fa-regular-400.eot]
[coinpool.sacredthemes.net/fonts/fa-regular-400d41d.eot]
[coinpool.sacredthemes.net/fonts/fa-regular-400.woff2]
[coinpool.sacredthemes.net/fonts/fa-regular-400.woff]
[coinpool.sacredthemes.net/fonts/fa-regular-400.ttf]
[coinpool.sacredthemes.net/fonts/fa-solid-900.eot]
[coinpool.sacredthemes.net/fonts/fa-solid-900d41d.eot]
[coinpool.sacredthemes.net/fonts/fa-solid-900.woff2]
[coinpool.sacredthemes.net/fonts/fa-solid-900.woff]
[coinpool.sacredthemes.net/fonts/fa-solid-900.ttf]
[coinpool.sacredthemes.net/css/fontawesome.min.css]
[coinpool.sacredthemes.net/css/bootstrap.css]
[coinpool.sacredthemes.net/css/animate.css]
[coinpool.sacredthemes.net/css/owl.video.play.png]
[coinpool.sacredthemes.net/css/owl.carousel.min.css]
[coinpool.sacredthemes.net/images/line1.png]
[coinpool.sacredthemes.net/images/line2.png]
[coinpool.sacredthemes.net/images/arrow1.png]
[coinpool.sacredthemes.net/images/diamond-base.png]
[coinpool.sacredthemes.net/images/diamond-main.png]
[coinpool.sacredthemes.net/images/diamond-top.png]
[coinpool.sacredthemes.net/images/diamond-base-1.png]
[coinpool.sacredthemes.net/images/bitcoin-inside.png]
[coinpool.sacredthemes.net/images/diamond-top-lines.png]
[coinpool.sacredthemes.net/images/diamond-top-coin.png]
[coinpool.sacredthemes.net/images/diamond-grid-1.png]
[coinpool.sacredthemes.net/images/diamond-top-ring.png]
[coinpool.sacredthemes.net/images/OrbitSquare.png]
[coinpool.sacredthemes.net/images/diamond-grid-2.png]
[coinpool.sacredthemes.net/images/page-header-bg.jpg]
[coinpool.sacredthemes.net/images/platinum-base.png]
[coinpool.sacredthemes.net/images/platinum-base-line.png]
[coinpool.sacredthemes.net/images/platinum-waves.png]
[coinpool.sacredthemes.net/images/coin-bg-icon.png]
[coinpool.sacredthemes.net/images/gold-animation-icon.png]
[coinpool.sacredthemes.net/images/platinum-top-lines.png]
[coinpool.sacredthemes.net/images/platinum-move-1.png]
[coinpool.sacredthemes.net/images/platinum-move-2.png]
[coinpool.sacredthemes.net/images/platinum-move-3.png]
[coinpool.sacredthemes.net/images/mercury-numbers-1.png]
[coinpool.sacredthemes.net/images/mercury-earth-map.png]
[coinpool.sacredthemes.net/images/mercury-earth.png]
[coinpool.sacredthemes.net/images/earth-icon-1.png]
[coinpool.sacredthemes.net/images/earth-icon-2.png]
[coinpool.sacredthemes.net/images/earth-icon-3.png]
[coinpool.sacredthemes.net/images/earth-icon-4.png]
[coinpool.sacredthemes.net/images/earth-icon-5.png]
[coinpool.sacredthemes.net/images/earth-icon-6.png]
[coinpool.sacredthemes.net/images/mercury-earth-cover.png]
[coinpool.sacredthemes.net/images/coinpool-dots-circle.png]
[coinpool.sacredthemes.net/images/coin-1.png]
[coinpool.sacredthemes.net/images/coin-2.png]
[coinpool.sacredthemes.net/images/coin-3.png]
[coinpool.sacredthemes.net/images/coin-4.png]
[coinpool.sacredthemes.net/images/coin-5.png]
[coinpool.sacredthemes.net/images/coin-6.png]
[coinpool.sacredthemes.net/images/coin-7.png]
[coinpool.sacredthemes.net/images/our-mission-2.jpg]
[coinpool.sacredthemes.net/images/tr-circle-bg.png]
[coinpool.sacredthemes.net/images/bg-2.jpg]
[coinpool.sacredthemes.net/images/map-bg.png]
[coinpool.sacredthemes.net/images/slider-line.png]
[coinpool.sacredthemes.net/images/question-img.png]
[coinpool.sacredthemes.net/images/question-img-rev.png]
[coinpool.sacredthemes.net/images/team-bg.jpg]
[coinpool.sacredthemes.net/images/bg-1.jpg]
[coinpool.sacredthemes.net/images/footer-2-bg.jpg]
[coinpool.sacredthemes.net/images/video-bg-1.jpg]
[coinpool.sacredthemes.net/images/user-icon.png]
[coinpool.sacredthemes.net/images/email-icon.png]
[coinpool.sacredthemes.net/images/phone-icon.png]
[coinpool.sacredthemes.net/images/company-icon.png]
[coinpool.sacredthemes.net/images/message-icon.png]
[coinpool.sacredthemes.net/images/exchange-list-icon-2.png]
[coinpool.sacredthemes.net/images/exchange-list-icon.png]
[coinpool.sacredthemes.net/images/play-btn.png]
[coinpool.sacredthemes.net/images/pause-btn.png]
[coinpool.sacredthemes.net/images/bg-3.jpg]
[coinpool.sacredthemes.net/images/down-arrow.png]
[coinpool.sacredthemes.net/images/bg-5.png]
[coinpool.sacredthemes.net/style.css]
[coinpool.sacredthemes.net/css/responsive.css]
[coinpool.sacredthemes.net/images/bg-4.png]
[coinpool.sacredthemes.net/cp-gold-single-post-with-right-sidebar.html]
[coinpool.sacredthemes.net/cp-gold-single-post-with-no-sidebar.html]
[coinpool.sacredthemes.net/cp-gold-single-post-with-left-sidebar.html]
[coinpool.sacredthemes.net/fonts/fa-brands-400.svg]
[coinpool.sacredthemes.net/fonts/fa-regular-400.svg]
[coinpool.sacredthemes.net/fonts/fa-solid-900.svg]
[coinpool.sacredthemes.net/css/owl.video.play.html]
