[ecologytheme.com/theme/cryptonio/index.html]
[backblue.gif]
[fade.gif]
[index.html]
[ecologytheme.com/theme/cryptonio/images/favicon.ico]
[ecologytheme.com/theme/cryptonio/images/gradient-logo.png]
[ecologytheme.com/theme/cryptonio/blog.html]
[ecologytheme.com/theme/cryptonio/blog-post.html]
[ecologytheme.com/theme/cryptonio/images/header-06.png]
[ecologytheme.com/theme/cryptonio/images/bounce/header1_b.png]
[ecologytheme.com/theme/cryptonio/images/shape/home_6/header6_shape_1.png]
[ecologytheme.com/theme/cryptonio/images/shape/home_6/header6_shape_2.png]
[ecologytheme.com/theme/cryptonio/images/shape/home_6/header6_shape_3.png]
[ecologytheme.com/theme/cryptonio/images/shape/home_6/header6_shape_4.png]
[ecologytheme.com/theme/cryptonio/images/shape/home_6/header6_shape_5.png]
[ecologytheme.com/theme/cryptonio/images/shape/home_6/header6_shape_6.png]
[ecologytheme.com/theme/cryptonio/images/particals_icon/fixed1.png]
[ecologytheme.com/theme/cryptonio/images/particals_icon/fixed2.png]
[ecologytheme.com/theme/cryptonio/images/particals_icon/fixed4.png]
[ecologytheme.com/theme/cryptonio/images/welcome-6.png]
[ecologytheme.com/theme/cryptonio/images/shape/home_6/wel-map.png]
[ecologytheme.com/theme/cryptonio/images/index-about.png]
[ecologytheme.com/theme/cryptonio/images/shape/home_6/about-light-1.png]
[ecologytheme.com/theme/cryptonio/images/shape/home_6/about-light-2.png]
[ecologytheme.com/theme/cryptonio/images/particals_icon/fixed3.png]
[ecologytheme.com/theme/cryptonio/images/icons/feature-01.png]
[ecologytheme.com/theme/cryptonio/images/icons/feature-02.png]
[ecologytheme.com/theme/cryptonio/images/icons/feature-03.png]
[ecologytheme.com/theme/cryptonio/images/shape/home_6/feature-1.png]
[ecologytheme.com/theme/cryptonio/images/shape/home_6/token_sale.png]
[ecologytheme.com/theme/cryptonio/images/shape/home_6/token_sale_1.png]
[ecologytheme.com/theme/cryptonio/images/shape/home_6/token_1.png]
[ecologytheme.com/theme/cryptonio/images/shape/home_6/token_2.png]
[ecologytheme.com/theme/cryptonio/images/shape/home_6/token_3.png]
[ecologytheme.com/theme/cryptonio/images/shape/home_6/token_4.png]
[ecologytheme.com/theme/cryptonio/images/shape/home_6/token_5.png]
[ecologytheme.com/theme/cryptonio/images/shape/home_6/road_map_2.png]
[ecologytheme.com/theme/cryptonio/images/shape/home_6/road_map_3.png]
[ecologytheme.com/theme/cryptonio/images/logos/partner6-1.png]
[ecologytheme.com/theme/cryptonio/images/logos/partner6-2.png]
[ecologytheme.com/theme/cryptonio/images/logos/partner6-3.png]
[ecologytheme.com/theme/cryptonio/images/logos/partner6-4.png]
[ecologytheme.com/theme/cryptonio/images/logos/partner6-5.png]
[ecologytheme.com/theme/cryptonio/images/logos/partner6-6.png]
[ecologytheme.com/theme/cryptonio/images/logos/partner6-7.png]
[ecologytheme.com/theme/cryptonio/images/logos/partner6-8.png]
[ecologytheme.com/theme/cryptonio/images/team/team-01.jpg]
[ecologytheme.com/theme/cryptonio/images/team/team-02.jpg]
[ecologytheme.com/theme/cryptonio/images/team/team-03.jpg]
[ecologytheme.com/theme/cryptonio/images/team/team-04.jpg]
[ecologytheme.com/theme/cryptonio/images/team/team-05.jpg]
[ecologytheme.com/theme/cryptonio/images/team/team-06.jpg]
[ecologytheme.com/theme/cryptonio/images/team/team-07.jpg]
[ecologytheme.com/theme/cryptonio/images/team/team-08.jpg]
[ecologytheme.com/theme/cryptonio/images/shape/home_6/team-01.png]
[ecologytheme.com/theme/cryptonio/images/shape/home_6/team-02.png]
[ecologytheme.com/theme/cryptonio/images/fap-01.png]
[ecologytheme.com/theme/cryptonio/images/icons/contact_1.png]
[ecologytheme.com/theme/cryptonio/images/icons/contact_2.png]
[ecologytheme.com/theme/cryptonio/images/shape/home_6/footer_shape_1.png]
[ecologytheme.com/theme/cryptonio/images/shape/home_6/footer_shape_2.png]
[ecologytheme.com/theme/cryptonio/images/shape/home_6/footer_shape_3.png]
[ecologytheme.com/theme/cryptonio/js/assets/jquery-3.2.1.min.js]
[ecologytheme.com/theme/cryptonio/js/assets/popper.min.js]
[ecologytheme.com/theme/cryptonio/js/assets/bootstrap.min.js]
[ecologytheme.com/theme/cryptonio/js/assets/owl.carousel.min.js]
[ecologytheme.com/theme/cryptonio/js/assets/jquery.sticky.js]
[ecologytheme.com/theme/cryptonio/js/assets/isotope.pkgd.min.js]
[ecologytheme.com/theme/cryptonio/js/assets/jquery.magnific-popup.min.js]
[ecologytheme.com/theme/cryptonio/js/assets/jquery.downCount2.js]
[ecologytheme.com/theme/cryptonio/js/assets/jquery.countdown.js]
[ecologytheme.com/theme/cryptonio/js/assets/particles.js]
[ecologytheme.com/theme/cryptonio/js/assets/app.js]
[ecologytheme.com/theme/cryptonio/js/assets/smooth-scroll.js]
[ecologytheme.com/theme/cryptonio/js/assets/wow.min.js]
[ecologytheme.com/theme/cryptonio/js/custom.js]
[ecologytheme.com/theme/cryptonio/index.html]
[fonts.googleapis.com/css6079.css]
[ecologytheme.com/theme/cryptonio/images/logo.png]
[ecologytheme.com/theme/cryptonio/images/blog/blog-01.jpg]
[ecologytheme.com/theme/cryptonio/images/blog/bicon-01.png]
[ecologytheme.com/theme/cryptonio/images/blog/bicon-02.png]
[ecologytheme.com/theme/cryptonio/images/blog/blog-02.jpg]
[ecologytheme.com/theme/cryptonio/images/blog/blog-03.jpg]
[ecologytheme.com/theme/cryptonio/images/blog/blog-04.jpg]
[ecologytheme.com/theme/cryptonio/images/blog/blog-05.jpg]
[ecologytheme.com/theme/cryptonio/images/blog/blog-06.jpg]
[ecologytheme.com/theme/cryptonio/images/blog/blog-07.jpg]
[ecologytheme.com/theme/cryptonio/images/blog/blog-08.jpg]
[ecologytheme.com/theme/cryptonio/images/blog/blog-09.jpg]
[ecologytheme.com/theme/cryptonio/blog.html]
[ecologytheme.com/theme/cryptonio/images/blog/post.jpg]
[www.ecologytheme.com/theme/cryptonio/images/blog/blog-details.67.delayed]
[ecologytheme.com/theme/cryptonio/images/blog/user-01.png]
[ecologytheme.com/theme/cryptonio/images/blog/user-02.png]
[ecologytheme.com/theme/cryptonio/blog-post.html]
[ecologytheme.com/theme/cryptonio/images/blog/user-03.png]
[ecologytheme.com/theme/cryptonio/css/assets/bootstrap.min.css]
[ecologytheme.com/theme/cryptonio/images/header-06.png]
[ecologytheme.com/theme/cryptonio/images/shape/home_6/header6_shape_1.png]
[ecologytheme.com/theme/cryptonio/images/shape/home_6/header6_shape_3.png]
[ecologytheme.com/theme/cryptonio/images/shape/home_6/header6_shape_2.png]
[ecologytheme.com/theme/cryptonio/images/shape/home_6/header6_shape_4.png]
[ecologytheme.com/theme/cryptonio/fonts/fa-brands-400.eot]
[ecologytheme.com/theme/cryptonio/images/particals_icon/fixed2.png]
[ecologytheme.com/theme/cryptonio/images/shape/home_6/header6_shape_5.png]
[ecologytheme.com/theme/cryptonio/images/index-about.png]
[ecologytheme.com/theme/cryptonio/fonts/fa-brands-400d41d.eot]
[ecologytheme.com/theme/cryptonio/images/shape/home_6/about-light-1.png]
[ecologytheme.com/theme/cryptonio/images/shape/home_6/about-light-2.png]
[ecologytheme.com/theme/cryptonio/images/shape/home_6/feature-1.png]
[ecologytheme.com/theme/cryptonio/fonts/fa-brands-400.woff2]
[ecologytheme.com/theme/cryptonio/images/shape/home_6/token_sale.png]
[ecologytheme.com/theme/cryptonio/images/shape/home_6/token_sale_1.png]
[ecologytheme.com/theme/cryptonio/images/shape/home_6/token_1.png]
[ecologytheme.com/theme/cryptonio/images/shape/home_6/token_4.png]
[ecologytheme.com/theme/cryptonio/fonts/fa-brands-400.6e.delayed]
[ecologytheme.com/theme/cryptonio/images/logos/partner6-1.png]
[ecologytheme.com/theme/cryptonio/images/shape/home_6/road_map_3.png]
[ecologytheme.com/theme/cryptonio/images/shape/home_6/road_map_2.png]
[ecologytheme.com/theme/cryptonio/fonts/fa-brands-400.ttf]
[ecologytheme.com/theme/cryptonio/images/logos/partner6-7.png]
[ecologytheme.com/theme/cryptonio/images/logos/partner6-4.png]
[ecologytheme.com/theme/cryptonio/images/logos/partner6-5.png]
[ecologytheme.com/theme/cryptonio/images/team/team-01.jpg]
[ecologytheme.com/theme/cryptonio/images/team/team-03.jpg]
[ecologytheme.com/theme/cryptonio/images/team/team-02.jpg]
[ecologytheme.com/theme/cryptonio/images/team/team-06.jpg]
[ecologytheme.com/theme/cryptonio/fonts/fa-regular-400.71.delayed]
[ecologytheme.com/theme/cryptonio/images/team/team-04.jpg]
[ecologytheme.com/theme/cryptonio/images/team/team-05.jpg]
[ecologytheme.com/theme/cryptonio/images/team/team-08.jpg]
[ecologytheme.com/theme/cryptonio/images/team/team-07.jpg]
[ecologytheme.com/theme/cryptonio/images/fap-01.png]
[ecologytheme.com/theme/cryptonio/images/shape/home_6/team-02.png]
[ecologytheme.com/theme/cryptonio/images/shape/home_6/team-01.png]
[ecologytheme.com/theme/cryptonio/fonts/fa-regular-400d41d.eot]
[ecologytheme.com/theme/cryptonio/images/shape/home_6/footer_shape_1.png]
[ecologytheme.com/theme/cryptonio/images/shape/home_6/footer_shape_3.png]
[ecologytheme.com/theme/cryptonio/js/assets/jquery-3.2.1.min.js]
[ecologytheme.com/theme/cryptonio/images/shape/home_6/footer_shape_2.png]
[ecologytheme.com/theme/cryptonio/js/assets/jquery.sticky.js]
[ecologytheme.com/theme/cryptonio/js/assets/owl.carousel.min.js]
[ecologytheme.com/theme/cryptonio/js/assets/bootstrap.min.js]
[ecologytheme.com/theme/cryptonio/fonts/fa-regular-400.woff2]
[ecologytheme.com/theme/cryptonio/js/assets/isotope.pkgd.min.js]
[ecologytheme.com/theme/cryptonio/js/assets/jquery.magnific-popup.min.js]
[ecologytheme.com/theme/cryptonio/fonts/fa-regular-400.woff]
[ecologytheme.com/theme/cryptonio/js/assets/jquery.downCount2.js]
[ecologytheme.com/theme/cryptonio/fonts/fa-regular-400.ttf]
[ecologytheme.com/theme/cryptonio/js/assets/particles.js]
[ecologytheme.com/theme/cryptonio/js/assets/wow.min.js]
[ecologytheme.com/theme/cryptonio/js/assets/app.js]
[ecologytheme.com/theme/cryptonio/js/assets/smooth-scroll.js]
[ecologytheme.com/theme/cryptonio/images/blog/bicon-01.png]
[ecologytheme.com/theme/cryptonio/images/blog/bicon-02.png]
[ecologytheme.com/theme/cryptonio/images/blog/blog-01.jpg]
[ecologytheme.com/theme/cryptonio/fonts/fa-solid-900.eot]
[ecologytheme.com/theme/cryptonio/images/blog/blog-02.jpg]
[ecologytheme.com/theme/cryptonio/images/blog/blog-03.jpg]
[ecologytheme.com/theme/cryptonio/images/blog/blog-04.jpg]
[ecologytheme.com/theme/cryptonio/fonts/fa-solid-900d41d.eot]
[ecologytheme.com/theme/cryptonio/fonts/fa-solid-900.woff2]
[ecologytheme.com/theme/cryptonio/images/blog/blog-06.jpg]
[ecologytheme.com/theme/cryptonio/images/blog/blog-07.jpg]
[ecologytheme.com/theme/cryptonio/images/blog/blog-08.jpg]
[ecologytheme.com/theme/cryptonio/images/blog/blog-09.jpg]
[ecologytheme.com/theme/cryptonio/images/blog/user-02.png]
[ecologytheme.com/theme/cryptonio/images/blog/user-01.png]
[ecologytheme.com/theme/cryptonio/images/blog/post.jpg]
[ecologytheme.com/theme/cryptonio/fonts/fa-solid-900.woff]
[ecologytheme.com/theme/cryptonio/fonts/fa-solid-900.ttf]
[ecologytheme.com/theme/cryptonio/fonts/fa-brands-400.eot]
[ecologytheme.com/theme/cryptonio/fonts/fa-brands-400d41d.eot]
[ecologytheme.com/theme/cryptonio/css/assets/font-awesome.min.css]
[ecologytheme.com/theme/cryptonio/fonts/fa-brands-400.woff]
[ecologytheme.com/theme/cryptonio/images/blog/user-03.png]
[ecologytheme.com/theme/cryptonio/fonts/fa-brands-400.woff2]
[ecologytheme.com/theme/cryptonio/fonts/fa-brands-400.ttf]
[ecologytheme.com/theme/cryptonio/fonts/flaticon/Flaticon.eot]
[ecologytheme.com/theme/cryptonio/fonts/fa-regular-400.woff2]
[ecologytheme.com/theme/cryptonio/fonts/fa-solid-900d41d.eot]
[ecologytheme.com/theme/cryptonio/fonts/fa-regular-400.woff]
[ecologytheme.com/theme/cryptonio/fonts/fa-solid-900.eot]
[ecologytheme.com/theme/cryptonio/fonts/flaticon/Flaticond41d.eot]
[ecologytheme.com/theme/cryptonio/fonts/fa-solid-900.woff]
[ecologytheme.com/theme/cryptonio/fonts/flaticon/Flaticon.woff]
[ecologytheme.com/theme/cryptonio/fonts/fa-solid-900.ttf]
[ecologytheme.com/theme/cryptonio/fonts/flaticon/Flaticon.ttf]
[ecologytheme.com/theme/cryptonio/fonts/flaticon/flaticon.css]
[ecologytheme.com/theme/cryptonio/css/assets/magnific-popup.css]
[www.ecologytheme.com/theme/cryptonio/css/assets/grabbing.83.delayed]
[ecologytheme.com/theme/cryptonio/css/assets/owl.carousel.css]
[www.ecologytheme.com/theme/cryptonio/css/assets/AjaxLoader.gif]
[ecologytheme.com/theme/cryptonio/css/assets/owl.theme.css]
[ecologytheme.com/theme/cryptonio/css/assets/jquery.countdown.css]
[ecologytheme.com/theme/cryptonio/css/assets/animate.css]
[ecologytheme.com/theme/cryptonio/css/assets/preloader.css]
[www.ecologytheme.com/theme/cryptonio/images/preloader.gif]
[ecologytheme.com/theme/cryptonio/images/bg-img/banner-03.jpg]
[ecologytheme.com/theme/cryptonio/images/bg-img/banner.jpg]
[ecologytheme.com/theme/cryptonio/images/shape/shape-01.png]
[ecologytheme.com/theme/cryptonio/images/bg-img/banner-03.jpg]
[ecologytheme.com/theme/cryptonio/images/bg-img/banner.jpg]
[ecologytheme.com/theme/cryptonio/images/shape/roadmap-1.png]
[ecologytheme.com/theme/cryptonio/images/shape/companis_logo.png]
[ecologytheme.com/theme/cryptonio/images/shape/shape-02.png]
[ecologytheme.com/theme/cryptonio/images/bg-img/banner-02.png]
[ecologytheme.com/theme/cryptonio/images/priceing-chats-bg-shpe.png]
[ecologytheme.com/theme/cryptonio/images/shape/news-shape-01.png]
[ecologytheme.com/theme/cryptonio/images/shape/news-shape-02.png]
[ecologytheme.com/theme/cryptonio/images/priceing-chats-bg-shpe.png]
[ecologytheme.com/theme/cryptonio/images/bg-img/footer-02.jpg]
[ecologytheme.com/theme/cryptonio/images/shape/news-shape-01.png]
[ecologytheme.com/theme/cryptonio/images/banner-04.png]
[ecologytheme.com/theme/cryptonio/images/shape/redius-top-5.png]
[ecologytheme.com/theme/cryptonio/images/shape/redius-btm-5.png]
[ecologytheme.com/theme/cryptonio/images/bg-img/roadmap-05.png]
[ecologytheme.com/theme/cryptonio/images/shape/home_6/pricing-1.png]
[ecologytheme.com/theme/cryptonio/images/shape/home_6/pricing-2.png]
[ecologytheme.com/theme/cryptonio/images/shape/home_6/road_map_1.png]
[ecologytheme.com/theme/cryptonio/images/shape/home_6/shape-logo_border.png]
[ecologytheme.com/theme/cryptonio/images/icons/search-icon.png]
[ecologytheme.com/theme/cryptonio/css/style.css]
[ecologytheme.com/theme/cryptonio/css/cryptonio.css]
[ecologytheme.com/theme/cryptonio/css/responsive.css]
[www.ecologytheme.com/theme/cryptonio/images/blog/blog-details.html]
[ecologytheme.com/theme/cryptonio/fonts/fa-brands-400.svg]
[ecologytheme.com/theme/cryptonio/fonts/fa-regular-400.svg]
[ecologytheme.com/theme/cryptonio/fonts/fa-solid-900.svg]
[ecologytheme.com/theme/cryptonio/fonts/flaticon/Flaticon.svg]
[www.ecologytheme.com/theme/cryptonio/css/assets/grabbing.html]
[www.ecologytheme.com/theme/cryptonio/css/assets/AjaxLoader.html]
[www.ecologytheme.com/theme/cryptonio/images/preloader.html]
